// This report gives the total cycle time breakdown from the Execute component,
// summed across CPUs, for one measurement.  Be sure to specify which
// measurement you want the report for on the stat-manager command line, or
// it will choose one (essentially) at random.
//
#FOR-MEASUREMENTS
Execution Time Breakdown for <MSMT>
===================================
(Values are summed across CPUs)
  Total Cycles                <SUM:theNodes-execute.*\.Total Cycles>
    Computation               <SUM:theNodes-execute.*\.Computation Cycles>
    MEMBAR                    <SUM:theNodes-execute.*\.MEMBAR Cycles>
    Store Buffer Drain        <SUM:theNodes-execute.*\.SB Drain Cycles>
    Store Buffer Full         <SUM:theNodes-execute.*\.SB Full Stall Cycles>
    Memory                    <SUM:theNodes-execute.*\.Memory Cycles>
      MemOp Issued            <SUM:theNodes-execute.*\.Issue Cycles>
      Port Unavailable        <SUM:theNodes-execute.*\.Wait For Port Cycles>
      Read                    <SUM:theNodes-execute.*\.Read Total Cycles>
        Local                 <SUM:theNodes-execute.*\.Read Local Cycles>
        Remote                <SUM:theNodes-execute.*\.Read Remote Cycles>
      Write                   <SUM:theNodes-execute.*\.Write Total Cycles>
        Local                 <SUM:theNodes-execute.*\.Write Local Cycles>
        Remote                <SUM:theNodes-execute.*\.Write Remote Cycles>
      RMW                     <SUM:theNodes-execute.*\.RMW Total Cycles>
        Local                 <SUM:theNodes-execute.*\.RMW Local Cycles>
        Remote                <SUM:theNodes-execute.*\.RMW Remote Cycles>
===================================
#END
